<?xml version="1.0"?>
<note>
  <to>Tove</to>
  <from>*an*</from>
  <heading>Reminder</heading>
  <body>Don&#39;t forget me this weekend!</body>
</note>
