<?xml version="1.0" encoding="utf-8" standalone="yes"?>
<Message xmlns="urn:tch" xmlns:_xmlns="xmlns" _xmlns:head="urn:iso:std:iso:20022:tech:xsd:head.001.001.01" _xmlns:ct="urn:iso:std:iso:20022:tech:xsd:pacs.008.001.08">
  <AppHdr>
    <head:Fr>
      <head:FIId>
        <head:FinInstnId>
          <head:ClrSysMmbId>
            <head:MmbId>200000057A1</head:MmbId>
          </head:ClrSysMmbId>
        </head:FinInstnId>
      </head:FIId>
    </head:Fr>
    <head:To>
      <head:FIId>
        <head:FinInstnId>
          <head:ClrSysMmbId>
            <head:MmbId>990000001S1</head:MmbId>
          </head:ClrSysMmbId>
        </head:FinInstnId>
      </head:FIId>
    </head:To>
    <head:BizMsgIdr>B20230721200000057A1BAAA60316795998</head:BizMsgIdr>
    <head:MsgDefIdr>pacs.008.001.08</head:MsgDefIdr>
    <head:CreDt>2023-07-21T13:16:01</head:CreDt>
    <head:Sgntr>
      <ds:Signature _xmlns:ds="http://www.w3.org/2000/09/xmldsig#">
        <ds:SignedInfo _xmlns:ds="http://www.w3.org/2000/09/xmldsig#">
          <ds:CanonicalizationMethod Algorithm="http://www.w3.org/2001/10/xml-exc-c14n#"></ds:CanonicalizationMethod>
          <ds:SignatureMethod Algorithm="http://www.w3.org/2001/04/xmldsig-more#rsa-sha256"></ds:SignatureMethod>
          <ds:Reference URI="">
            <ds:Transforms>
              <ds:Transform Algorithm="http://www.w3.org/2000/09/xmldsig#enveloped-signature"></ds:Transform>
              <ds:Transform Algorithm="http://www.w3.org/2001/10/xml-exc-c14n#"></ds:Transform>
            </ds:Transforms>
            <ds:DigestMethod Algorithm="http://www.w3.org/2001/04/xmlenc#sha256"></ds:DigestMethod>
            <ds:DigestValue>c0DSwrOlRESdgNmLnxaWijqp5iRJkyOWdvhOLw2+mTk=</ds:DigestValue>
          </ds:Reference>
        </ds:SignedInfo>
        <ds:SignatureValue>XYktej639zCno94d/b2VIikcsrRPHouSg23yt22F17htKoMXBKB31pmzGgcbVnt/DjvIDONZK7Z1AyEuUg3Fm4vGdu5vmzh8ImT3vKqsllq5IP2UtW9WW8fuJOLjarKW/5BoDYuSW6sn01GzrIRjw9EkY+4wDg4lShJ8pZrHQ88vdruK3rnOfHo9D5/0bti3nrf27dY1iyoUQpsl1eFuJV+grUHFeZ1DAQ4CSVPbsetOsDjGaucaBwYcBGwVzEJin336iN1EVs6XadyCgd8IMWq0Cvi/QE3cxe6EGXtoybpW+EDUGiEuq0B3EVkpOVDxTbD+1foHrzz8QfyfeqS9cg==</ds:SignatureValue>
        <ds:KeyInfo>
          <ds:X509Data>
            <ds:X509IssuerSerial>
              <ds:X509IssuerName>CN=Open Test Solutions,OU=OTS,O=FIS,L=Diegem,ST=Vlaams-Brabant,C=BE</ds:X509IssuerName>
              <ds:X509SerialNumber>610326338160951572</ds:X509SerialNumber>
            </ds:X509IssuerSerial>
            <ds:X509SubjectName>CN=Open Test Solutions,OU=OTS,O=FIS,L=Diegem,ST=Vlaams-Brabant,C=BE</ds:X509SubjectName>
          </ds:X509Data>
        </ds:KeyInfo>
      </ds:Signature>
    </head:Sgntr>
  </AppHdr>
  <CreditTransfer>
    <ct:FIToFICstmrCdtTrf>
      <ct:GrpHdr>
        <ct:MsgId>M20230721200000057A1BAAA60316795998</ct:MsgId>
        <ct:CreDtTm>2023-07-21T17:16:01</ct:CreDtTm>
        <ct:NbOfTxs>1</ct:NbOfTxs>
        <ct:TtlIntrBkSttlmAmt Ccy="USD">526.33</ct:TtlIntrBkSttlmAmt>
        <ct:IntrBkSttlmDt>2023-07-21</ct:IntrBkSttlmDt>
        <ct:SttlmInf>
          <ct:SttlmMtd>CLRG</ct:SttlmMtd>
          <ct:ClrSys>
            <ct:Cd>TCH</ct:Cd>
          </ct:ClrSys>
        </ct:SttlmInf>
      </ct:GrpHdr>
      <ct:CdtTrfTxInf>
        <ct:PmtId>
          <ct:InstrId>20230721200000057A1B123860316795998</ct:InstrId>
          <ct:EndToEndId>NOREF</ct:EndToEndId>
          <ct:TxId>20230721200000057A1B123860316795998</ct:TxId>
        </ct:PmtId>
        <ct:PmtTpInf>
          <ct:SvcLvl>
            <ct:Cd>SDVA</ct:Cd>
          </ct:SvcLvl>
          <ct:LclInstrm>
            <ct:Prtry>STANDARD</ct:Prtry>
          </ct:LclInstrm>
          <ct:CtgyPurp>
            <ct:Prtry>CONSUMER</ct:Prtry>
          </ct:CtgyPurp>
        </ct:PmtTpInf>
        <ct:IntrBkSttlmAmt Ccy="USD">526.33</ct:IntrBkSttlmAmt>
        <ct:ChrgBr>SLEV</ct:ChrgBr>
        <ct:InstgAgt>
          <ct:FinInstnId>
            <ct:ClrSysMmbId>
              <ct:MmbId>123456780</ct:MmbId>
            </ct:ClrSysMmbId>
          </ct:FinInstnId>
        </ct:InstgAgt>
        <ct:InstdAgt>
          <ct:FinInstnId>
            <ct:ClrSysMmbId>
              <ct:MmbId>987654320</ct:MmbId>
            </ct:ClrSysMmbId>
          </ct:FinInstnId>
        </ct:InstdAgt>
        <ct:Dbtr>
          <ct:Nm>J*** D**</ct:Nm>
          <ct:PstlAdr>
            <ct:StrtNm>1** A** S*</ct:StrtNm>
            <ct:PstCd>90210</ct:PstCd>
            <ct:TwnNm>Anytown</ct:TwnNm>
            <ct:CtrySubDvsn>CA</ct:CtrySubDvsn>
            <ct:Ctry>US</ct:Ctry>
          </ct:PstlAdr>
        </ct:Dbtr>
        <ct:DbtrAcct>
          <ct:Id>
            <ct:Othr>
              <ct:Id>*************9001</ct:Id>
            </ct:Othr>
          </ct:Id>
        </ct:DbtrAcct>
        <ct:DbtrAgt>
          <ct:FinInstnId>
            <ct:ClrSysMmbId>
              <ct:MmbId>123456780</ct:MmbId>
            </ct:ClrSysMmbId>
          </ct:FinInstnId>
        </ct:DbtrAgt>
        <ct:CdtrAgt>
          <ct:FinInstnId>
            <ct:ClrSysMmbId>
              <ct:MmbId>987654320</ct:MmbId>
            </ct:ClrSysMmbId>
          </ct:FinInstnId>
        </ct:CdtrAgt>
        <ct:Cdtr>
          <ct:Nm>J*** D**</ct:Nm>
          <ct:PstlAdr>
            <ct:StrtNm>3** O**** S*</ct:StrtNm>
            <ct:PstCd>90210</ct:PstCd>
            <ct:TwnNm>Othertown</ct:TwnNm>
            <ct:CtrySubDvsn>AZ</ct:CtrySubDvsn>
            <ct:Ctry>US</ct:Ctry>
          </ct:PstlAdr>
        </ct:Cdtr>
        <ct:CdtrAcct>
          <ct:Id>
            <ct:Othr>
              <ct:Id>*************9001</ct:Id>
            </ct:Othr>
          </ct:Id>
        </ct:CdtrAcct>
      </ct:CdtTrfTxInf>
    </ct:FIToFICstmrCdtTrf>
  </CreditTransfer>
</Message>
